in the wall .. bubbles text 992 px to 812px
navbar text ....846px to 762px and iske baad se image bhi choti
campus section text 902 se small
620 px se the wall ka chota .. and sports ka para chota